// Jest Snapshot v1, https://goo.gl/fbAQLP

exports[`Game renders 1`] = `
<div
  className="sc-AxjAm fhsYJt"
>
  <div
    className="sc-AxiKw fkSgHu"
  >
    <div
      className="sc-AxirZ geUgcE"
    >
      <BlackCard
        id="id"
        text="text"
      />
      <div>
        Select 
        1
         card(s)
      </div>
    </div>
    <div
      className="sc-AxhCb reGgE"
    />
  </div>
  <div
    className="sc-AxhCb reGgE"
  >
    <WhiteCard
      canSelect={true}
      dispatch={[Function]}
      id={0}
      text="text"
    />
    <WhiteCard
      canSelect={true}
      dispatch={[Function]}
      id={1}
      text="text"
    />
    <WhiteCard
      canSelect={true}
      dispatch={[Function]}
      id={2}
      text="text"
    />
    <WhiteCard
      canSelect={true}
      dispatch={[Function]}
      id={3}
      text="text"
    />
    <WhiteCard
      canSelect={true}
      dispatch={[Function]}
      id={4}
      text="text"
    />
    <WhiteCard
      canSelect={true}
      dispatch={[Function]}
      id={5}
      text="text"
    />
    <WhiteCard
      canSelect={true}
      dispatch={[Function]}
      id={6}
      text="text"
    />
    <WhiteCard
      canSelect={true}
      dispatch={[Function]}
      id={7}
      text="text"
    />
    <WhiteCard
      canSelect={true}
      dispatch={[Function]}
      id={8}
      text="text"
    />
    <WhiteCard
      canSelect={true}
      dispatch={[Function]}
      id={9}
      text="text"
    />
  </div>
</div>
`;
