// Jest Snapshot v1, https://goo.gl/fbAQLP

exports[`Game renders 1`] = `
<div
  className="sc-AxjAm fhsYJt"
>
  <div
    className="sc-AxiKw fkSgHu"
  >
    <div
      className="sc-AxirZ geUgcE"
    >
      <BlackCard
        text="text"
      />
    </div>
    <div
      className="sc-AxhCb reGgE"
    />
  </div>
  <div
    className="sc-AxhCb reGgE"
  >
    <WhiteCard
      dispatch={[Function]}
      id="id"
      text="text"
    />
    <WhiteCard
      dispatch={[Function]}
      id="id"
      text="text"
    />
    <WhiteCard
      dispatch={[Function]}
      id="id"
      text="text"
    />
    <WhiteCard
      dispatch={[Function]}
      id="id"
      text="text"
    />
    <WhiteCard
      dispatch={[Function]}
      id="id"
      text="text"
    />
    <WhiteCard
      dispatch={[Function]}
      id="id"
      text="text"
    />
    <WhiteCard
      dispatch={[Function]}
      id="id"
      text="text"
    />
    <WhiteCard
      dispatch={[Function]}
      id="id"
      text="text"
    />
    <WhiteCard
      dispatch={[Function]}
      id="id"
      text="text"
    />
    <WhiteCard
      dispatch={[Function]}
      id="id"
      text="text"
    />
  </div>
</div>
`;
